---
source: crates/rynix-lexer/tests/snapshot.rs
expression: "dump(name, &source)"
input_file: testdata/lexer/control_flow.ryx
---
== tokens ==
    0..3     Def          "def"
    3..4     Whitespace   " "
    4..12    Ident        "classify"
   12..13    LParen       "("
   13..14    Ident        "n"
   14..15    Colon        ":"
   15..16    Whitespace   " "
   16..19    Ident        "i64"
   19..20    RParen       ")"
   20..21    Whitespace   " "
   21..23    Arrow        "->"
   23..24    Whitespace   " "
   24..27    Ident        "i64"
   27..28    Newline      "\n"
   28..30    Whitespace   "  "
   30..32    If           "if"
   32..33    Whitespace   " "
   33..34    Ident        "n"
   34..35    Whitespace   " "
   35..36    Lt           "<"
   36..37    Whitespace   " "
   37..38    IntLit       "0"
   38..39    Newline      "\n"
   39..43    Whitespace   "    "
   43..49    Return       "return"
   49..50    Whitespace   " "
   50..51    IntLit       "0"
   51..52    Whitespace   " "
   52..53    Minus        "-"
   53..54    Whitespace   " "
   54..55    IntLit       "1"
   55..56    Newline      "\n"
   56..58    Whitespace   "  "
   58..62    Elif         "elif"
   62..63    Whitespace   " "
   63..64    Ident        "n"
   64..65    Whitespace   " "
   65..67    EqEq         "=="
   67..68    Whitespace   " "
   68..69    IntLit       "0"
   69..70    Newline      "\n"
   70..74    Whitespace   "    "
   74..80    Return       "return"
   80..81    Whitespace   " "
   81..82    IntLit       "0"
   82..83    Newline      "\n"
   83..85    Whitespace   "  "
   85..89    Else         "else"
   89..90    Newline      "\n"
   90..94    Whitespace   "    "
   94..100   Return       "return"
  100..101   Whitespace   " "
  101..102   IntLit       "1"
  102..103   Newline      "\n"
  103..105   Whitespace   "  "
  105..108   End          "end"
  108..109   Newline      "\n"
  109..112   End          "end"
  112..113   Newline      "\n"
  113..114   Newline      "\n"
  114..117   Def          "def"
  117..118   Whitespace   " "
  118..122   Ident        "scan"
  122..123   LParen       "("
  123..128   Ident        "limit"
  128..129   Colon        ":"
  129..130   Whitespace   " "
  130..133   Ident        "i64"
  133..134   RParen       ")"
  134..135   Whitespace   " "
  135..137   Arrow        "->"
  137..138   Whitespace   " "
  138..141   Ident        "i64"
  141..142   Newline      "\n"
  142..144   Whitespace   "  "
  144..147   Let          "let"
  147..148   Whitespace   " "
  148..151   Mut          "mut"
  151..152   Whitespace   " "
  152..153   Ident        "i"
  153..154   Whitespace   " "
  154..155   Eq           "="
  155..156   Whitespace   " "
  156..157   IntLit       "0"
  157..158   Newline      "\n"
  158..160   Whitespace   "  "
  160..163   Let          "let"
  163..164   Whitespace   " "
  164..167   Mut          "mut"
  167..168   Whitespace   " "
  168..172   Ident        "hits"
  172..173   Whitespace   " "
  173..174   Eq           "="
  174..175   Whitespace   " "
  175..176   IntLit       "0"
  176..177   Newline      "\n"
  177..179   Whitespace   "  "
  179..183   Loop         "loop"
  183..184   Newline      "\n"
  184..188   Whitespace   "    "
  188..190   If           "if"
  190..191   Whitespace   " "
  191..192   Ident        "i"
  192..193   Whitespace   " "
  193..195   GtEq         ">="
  195..196   Whitespace   " "
  196..201   Ident        "limit"
  201..202   Newline      "\n"
  202..208   Whitespace   "      "
  208..213   Break        "break"
  213..214   Newline      "\n"
  214..218   Whitespace   "    "
  218..221   End          "end"
  221..222   Newline      "\n"
  222..226   Whitespace   "    "
  226..228   If           "if"
  228..229   Whitespace   " "
  229..230   Ident        "i"
  230..231   Whitespace   " "
  231..232   Percent      "%"
  232..233   Whitespace   " "
  233..234   IntLit       "2"
  234..235   Whitespace   " "
  235..237   EqEq         "=="
  237..238   Whitespace   " "
  238..239   IntLit       "0"
  239..240   Newline      "\n"
  240..246   Whitespace   "      "
  246..247   Ident        "i"
  247..248   Whitespace   " "
  248..250   PlusEq       "+="
  250..251   Whitespace   " "
  251..252   IntLit       "1"
  252..253   Newline      "\n"
  253..259   Whitespace   "      "
  259..267   Continue     "continue"
  267..268   Newline      "\n"
  268..272   Whitespace   "    "
  272..275   End          "end"
  275..276   Newline      "\n"
  276..280   Whitespace   "    "
  280..284   Ident        "hits"
  284..285   Whitespace   " "
  285..287   PlusEq       "+="
  287..288   Whitespace   " "
  288..296   Ident        "classify"
  296..297   LParen       "("
  297..298   Ident        "i"
  298..299   RParen       ")"
  299..300   Newline      "\n"
  300..304   Whitespace   "    "
  304..305   Ident        "i"
  305..306   Whitespace   " "
  306..308   PlusEq       "+="
  308..309   Whitespace   " "
  309..310   IntLit       "1"
  310..311   Newline      "\n"
  311..313   Whitespace   "  "
  313..316   End          "end"
  316..317   Newline      "\n"
  317..319   Whitespace   "  "
  319..322   For          "for"
  322..323   Whitespace   " "
  323..327   Ident        "step"
  327..328   Whitespace   " "
  328..330   In           "in"
  330..331   Whitespace   " "
  331..332   IntLit       "0"
  332..334   DotDot       ".."
  334..339   Ident        "limit"
  339..340   Newline      "\n"
  340..344   Whitespace   "    "
  344..348   Ident        "hits"
  348..349   Whitespace   " "
  349..351   PlusEq       "+="
  351..352   Whitespace   " "
  352..356   Ident        "step"
  356..357   Newline      "\n"
  357..359   Whitespace   "  "
  359..362   End          "end"
  362..363   Newline      "\n"
  363..365   Whitespace   "  "
  365..368   For          "for"
  368..369   Whitespace   " "
  369..373   Ident        "step"
  373..374   Whitespace   " "
  374..376   In           "in"
  376..377   Whitespace   " "
  377..378   IntLit       "0"
  378..381   DotDotEq     "..="
  381..386   Ident        "limit"
  386..387   Newline      "\n"
  387..391   Whitespace   "    "
  391..395   Ident        "hits"
  395..396   Whitespace   " "
  396..398   MinusEq      "-="
  398..399   Whitespace   " "
  399..403   Ident        "step"
  403..404   Newline      "\n"
  404..406   Whitespace   "  "
  406..409   End          "end"
  409..410   Newline      "\n"
  410..412   Whitespace   "  "
  412..418   Return       "return"
  418..419   Whitespace   " "
  419..423   Ident        "hits"
  423..424   Newline      "\n"
  424..427   End          "end"
  427..428   Newline      "\n"
  428..428   Eof          ""

== diagnostics (0) ==
