---
source: crates/rynix-lexer/tests/snapshot.rs
expression: "dump(name, &source)"
input_file: testdata/lexer/control_flow.ryx
---
== tokens ==
    0..3     Def          "def"
    3..4     Whitespace   " "
    4..12    Ident        "classify"
   12..13    LParen       "("
   13..14    Ident        "n"
   14..15    Colon        ":"
   15..16    Whitespace   " "
   16..19    Ident        "i64"
   19..20    RParen       ")"
   20..21    Whitespace   " "
   21..23    Arrow        "->"
   23..24    Whitespace   " "
   24..27    Ident        "i64"
   27..28    Newline      "\n"
   28..30    Whitespace   "  "
   30..32    If           "if"
   32..33    Whitespace   " "
   33..34    Ident        "n"
   34..35    Whitespace   " "
   35..36    Lt           "<"
   36..37    Whitespace   " "
   37..38    IntLit       "0"
   38..39    Newline      "\n"
   39..43    Whitespace   "    "
   43..49    Return       "return"
   49..50    Whitespace   " "
   50..51    IntLit       "0"
   51..52    Whitespace   " "
   52..53    Minus        "-"
   53..54    Whitespace   " "
   54..55    IntLit       "1"
   55..56    Newline      "\n"
   56..58    Whitespace   "  "
   58..62    Elif         "elif"
   62..63    Whitespace   " "
   63..64    Ident        "n"
   64..65    Whitespace   " "
   65..67    EqEq         "=="
   67..68    Whitespace   " "
   68..69    IntLit       "0"
   69..70    Newline      "\n"
   70..74    Whitespace   "    "
   74..80    Return       "return"
   80..81    Whitespace   " "
   81..82    IntLit       "0"
   82..83    Newline      "\n"
   83..85    Whitespace   "  "
   85..89    Else         "else"
   89..90    Newline      "\n"
   90..94    Whitespace   "    "
   94..100   Return       "return"
  100..101   Whitespace   " "
  101..102   IntLit       "1"
  102..103   Newline      "\n"
  103..105   Whitespace   "  "
  105..108   End          "end"
  108..109   Newline      "\n"
  109..112   End          "end"
  112..113   Newline      "\n"
  113..114   Newline      "\n"
  114..117   Def          "def"
  117..118   Whitespace   " "
  118..126   Ident        "by_match"
  126..127   LParen       "("
  127..128   Ident        "n"
  128..129   Colon        ":"
  129..130   Whitespace   " "
  130..133   Ident        "i64"
  133..134   RParen       ")"
  134..135   Whitespace   " "
  135..137   Arrow        "->"
  137..138   Whitespace   " "
  138..141   Ident        "i64"
  141..142   Newline      "\n"
  142..144   Whitespace   "  "
  144..149   Match        "match"
  149..150   Whitespace   " "
  150..151   Ident        "n"
  151..152   Newline      "\n"
  152..156   Whitespace   "    "
  156..157   IntLit       "0"
  157..158   Newline      "\n"
  158..164   Whitespace   "      "
  164..170   Return       "return"
  170..171   Whitespace   " "
  171..172   IntLit       "0"
  172..173   Newline      "\n"
  173..177   Whitespace   "    "
  177..178   IntLit       "1"
  178..179   Newline      "\n"
  179..185   Whitespace   "      "
  185..191   Return       "return"
  191..192   Whitespace   " "
  192..193   IntLit       "1"
  193..194   Newline      "\n"
  194..198   Whitespace   "    "
  198..199   Ident        "_"
  199..200   Newline      "\n"
  200..206   Whitespace   "      "
  206..212   Return       "return"
  212..213   Whitespace   " "
  213..214   IntLit       "2"
  214..215   Newline      "\n"
  215..217   Whitespace   "  "
  217..220   End          "end"
  220..221   Newline      "\n"
  221..223   Whitespace   "  "
  223..229   Return       "return"
  229..230   Whitespace   " "
  230..231   Minus        "-"
  231..232   IntLit       "1"
  232..233   Newline      "\n"
  233..236   End          "end"
  236..237   Newline      "\n"
  237..238   Newline      "\n"
  238..241   Def          "def"
  241..242   Whitespace   " "
  242..246   Ident        "scan"
  246..247   LParen       "("
  247..252   Ident        "limit"
  252..253   Colon        ":"
  253..254   Whitespace   " "
  254..257   Ident        "i64"
  257..258   RParen       ")"
  258..259   Whitespace   " "
  259..261   Arrow        "->"
  261..262   Whitespace   " "
  262..265   Ident        "i64"
  265..266   Newline      "\n"
  266..268   Whitespace   "  "
  268..271   Let          "let"
  271..272   Whitespace   " "
  272..275   Mut          "mut"
  275..276   Whitespace   " "
  276..277   Ident        "i"
  277..278   Whitespace   " "
  278..279   Eq           "="
  279..280   Whitespace   " "
  280..281   IntLit       "0"
  281..282   Newline      "\n"
  282..284   Whitespace   "  "
  284..287   Let          "let"
  287..288   Whitespace   " "
  288..291   Mut          "mut"
  291..292   Whitespace   " "
  292..296   Ident        "hits"
  296..297   Whitespace   " "
  297..298   Eq           "="
  298..299   Whitespace   " "
  299..300   IntLit       "0"
  300..301   Newline      "\n"
  301..303   Whitespace   "  "
  303..307   Loop         "loop"
  307..308   Newline      "\n"
  308..312   Whitespace   "    "
  312..314   If           "if"
  314..315   Whitespace   " "
  315..316   Ident        "i"
  316..317   Whitespace   " "
  317..319   GtEq         ">="
  319..320   Whitespace   " "
  320..325   Ident        "limit"
  325..326   Newline      "\n"
  326..332   Whitespace   "      "
  332..337   Break        "break"
  337..338   Newline      "\n"
  338..342   Whitespace   "    "
  342..345   End          "end"
  345..346   Newline      "\n"
  346..350   Whitespace   "    "
  350..352   If           "if"
  352..353   Whitespace   " "
  353..354   Ident        "i"
  354..355   Whitespace   " "
  355..356   Percent      "%"
  356..357   Whitespace   " "
  357..358   IntLit       "2"
  358..359   Whitespace   " "
  359..361   EqEq         "=="
  361..362   Whitespace   " "
  362..363   IntLit       "0"
  363..364   Newline      "\n"
  364..370   Whitespace   "      "
  370..371   Ident        "i"
  371..372   Whitespace   " "
  372..374   PlusEq       "+="
  374..375   Whitespace   " "
  375..376   IntLit       "1"
  376..377   Newline      "\n"
  377..383   Whitespace   "      "
  383..391   Continue     "continue"
  391..392   Newline      "\n"
  392..396   Whitespace   "    "
  396..399   End          "end"
  399..400   Newline      "\n"
  400..404   Whitespace   "    "
  404..408   Ident        "hits"
  408..409   Whitespace   " "
  409..411   PlusEq       "+="
  411..412   Whitespace   " "
  412..420   Ident        "classify"
  420..421   LParen       "("
  421..422   Ident        "i"
  422..423   RParen       ")"
  423..424   Newline      "\n"
  424..428   Whitespace   "    "
  428..429   Ident        "i"
  429..430   Whitespace   " "
  430..432   PlusEq       "+="
  432..433   Whitespace   " "
  433..434   IntLit       "1"
  434..435   Newline      "\n"
  435..437   Whitespace   "  "
  437..440   End          "end"
  440..441   Newline      "\n"
  441..443   Whitespace   "  "
  443..446   For          "for"
  446..447   Whitespace   " "
  447..451   Ident        "step"
  451..452   Whitespace   " "
  452..454   In           "in"
  454..455   Whitespace   " "
  455..456   IntLit       "0"
  456..458   DotDot       ".."
  458..463   Ident        "limit"
  463..464   Newline      "\n"
  464..468   Whitespace   "    "
  468..472   Ident        "hits"
  472..473   Whitespace   " "
  473..475   PlusEq       "+="
  475..476   Whitespace   " "
  476..480   Ident        "step"
  480..481   Newline      "\n"
  481..483   Whitespace   "  "
  483..486   End          "end"
  486..487   Newline      "\n"
  487..489   Whitespace   "  "
  489..492   For          "for"
  492..493   Whitespace   " "
  493..497   Ident        "step"
  497..498   Whitespace   " "
  498..500   In           "in"
  500..501   Whitespace   " "
  501..502   IntLit       "0"
  502..505   DotDotEq     "..="
  505..510   Ident        "limit"
  510..511   Newline      "\n"
  511..515   Whitespace   "    "
  515..519   Ident        "hits"
  519..520   Whitespace   " "
  520..522   MinusEq      "-="
  522..523   Whitespace   " "
  523..527   Ident        "step"
  527..528   Newline      "\n"
  528..530   Whitespace   "  "
  530..533   End          "end"
  533..534   Newline      "\n"
  534..536   Whitespace   "  "
  536..542   Return       "return"
  542..543   Whitespace   " "
  543..547   Ident        "hits"
  547..548   Newline      "\n"
  548..551   End          "end"
  551..552   Newline      "\n"
  552..552   Eof          ""

== diagnostics (0) ==
