---
source: crates/rynix-lexer/tests/snapshot.rs
expression: "dump(name, &source)"
input_file: testdata/lexer/literals.ryx
---
== tokens ==
    0..58    Comment      "# Every literal form the lexer accepts, exactly once each."
   58..59    Newline      "\n"
   59..62    Def          "def"
   62..63    Whitespace   " "
   63..71    Ident        "literals"
   71..72    LParen       "("
   72..73    RParen       ")"
   73..74    Newline      "\n"
   74..76    Whitespace   "  "
   76..79    Let          "let"
   79..80    Whitespace   " "
   80..83    Ident        "dec"
   83..84    Whitespace   " "
   84..85    Eq           "="
   85..86    Whitespace   " "
   86..88    IntLit       "42"
   88..89    Newline      "\n"
   89..91    Whitespace   "  "
   91..94    Let          "let"
   94..95    Whitespace   " "
   95..102   Ident        "grouped"
  102..103   Whitespace   " "
  103..104   Eq           "="
  104..105   Whitespace   " "
  105..114   IntLit       "1_000_000"
  114..115   Newline      "\n"
  115..117   Whitespace   "  "
  117..120   Let          "let"
  120..121   Whitespace   " "
  121..124   Ident        "hex"
  124..125   Whitespace   " "
  125..126   Eq           "="
  126..127   Whitespace   " "
  127..138   IntLit       "0xdead_beef"
  138..139   Newline      "\n"
  139..141   Whitespace   "  "
  141..144   Let          "let"
  144..145   Whitespace   " "
  145..148   Ident        "oct"
  148..149   Whitespace   " "
  149..150   Eq           "="
  150..151   Whitespace   " "
  151..156   IntLit       "0o755"
  156..157   Newline      "\n"
  157..159   Whitespace   "  "
  159..162   Let          "let"
  162..163   Whitespace   " "
  163..166   Ident        "bin"
  166..167   Whitespace   " "
  167..168   Eq           "="
  168..169   Whitespace   " "
  169..180   IntLit       "0b1010_0101"
  180..181   Newline      "\n"
  181..183   Whitespace   "  "
  183..186   Let          "let"
  186..187   Whitespace   " "
  187..191   Ident        "zero"
  191..192   Whitespace   " "
  192..193   Eq           "="
  193..194   Whitespace   " "
  194..195   IntLit       "0"
  195..196   Newline      "\n"
  196..198   Whitespace   "  "
  198..201   Let          "let"
  201..202   Whitespace   " "
  202..207   Ident        "float"
  207..208   Whitespace   " "
  208..209   Eq           "="
  209..210   Whitespace   " "
  210..219   FloatLit     "3.141_592"
  219..220   Newline      "\n"
  220..222   Whitespace   "  "
  222..225   Let          "let"
  225..226   Whitespace   " "
  226..229   Ident        "exp"
  229..230   Whitespace   " "
  230..231   Eq           "="
  231..232   Whitespace   " "
  232..236   FloatLit     "6e23"
  236..237   Newline      "\n"
  237..239   Whitespace   "  "
  239..242   Let          "let"
  242..243   Whitespace   " "
  243..251   Ident        "exp_plus"
  251..252   Whitespace   " "
  252..253   Eq           "="
  253..254   Whitespace   " "
  254..258   FloatLit     "1e+9"
  258..259   Newline      "\n"
  259..261   Whitespace   "  "
  261..264   Let          "let"
  264..265   Whitespace   " "
  265..274   Ident        "exp_minus"
  274..275   Whitespace   " "
  275..276   Eq           "="
  276..277   Whitespace   " "
  277..283   FloatLit     "2.5e-3"
  283..284   Newline      "\n"
  284..286   Whitespace   "  "
  286..289   Let          "let"
  289..290   Whitespace   " "
  290..294   Ident        "text"
  294..295   Whitespace   " "
  295..296   Eq           "="
  296..297   Whitespace   " "
  297..304   StrLit       "\"plain\""
  304..305   Newline      "\n"
  305..307   Whitespace   "  "
  307..310   Let          "let"
  310..311   Whitespace   " "
  311..318   Ident        "escapes"
  318..319   Whitespace   " "
  319..320   Eq           "="
  320..321   Whitespace   " "
  321..348   StrLit       "\"\\n\\t\\r\\0\\\\\\\"\\x41\\u{1F680}\""
  348..349   Newline      "\n"
  349..351   Whitespace   "  "
  351..354   Let          "let"
  354..355   Whitespace   " "
  355..362   Ident        "unicode"
  362..363   Whitespace   " "
  363..364   Eq           "="
  364..365   Whitespace   " "
  365..393   StrLit       "\"میخوانم 漢字 🚀\""
  393..394   Newline      "\n"
  394..396   Whitespace   "  "
  396..399   Let          "let"
  399..400   Whitespace   " "
  400..405   Ident        "empty"
  405..406   Whitespace   " "
  406..407   Eq           "="
  407..408   Whitespace   " "
  408..410   StrLit       "\"\""
  410..411   Newline      "\n"
  411..413   Whitespace   "  "
  413..416   Let          "let"
  416..417   Whitespace   " "
  417..421   Ident        "flag"
  421..422   Whitespace   " "
  422..423   Eq           "="
  423..424   Whitespace   " "
  424..428   True         "true"
  428..429   Newline      "\n"
  429..431   Whitespace   "  "
  431..434   Let          "let"
  434..435   Whitespace   " "
  435..440   Ident        "other"
  440..441   Whitespace   " "
  441..442   Eq           "="
  442..443   Whitespace   " "
  443..448   False        "false"
  448..449   Newline      "\n"
  449..451   Whitespace   "  "
  451..454   Let          "let"
  454..455   Whitespace   " "
  455..462   Ident        "nothing"
  462..463   Whitespace   " "
  463..464   Eq           "="
  464..465   Whitespace   " "
  465..468   Nil          "nil"
  468..469   Newline      "\n"
  469..472   End          "end"
  472..473   Newline      "\n"
  473..473   Eof          ""

== diagnostics (0) ==
