---
source: crates/rynix-lexer/tests/snapshot.rs
expression: "dump(name, &source)"
input_file: testdata/lexer/items.ryx
---
== tokens ==
    0..6     Import       "import"
    6..7     Whitespace   " "
    7..10    Ident        "std"
   10..12    ColonColon   "::"
   12..15    Ident        "net"
   15..16    Newline      "\n"
   16..22    Import       "import"
   22..23    Whitespace   " "
   23..26    Ident        "std"
   26..28    ColonColon   "::"
   28..32    Ident        "time"
   32..33    Newline      "\n"
   33..34    Newline      "\n"
   34..63    DocComment   "## A point in two dimensions."
   63..64    Newline      "\n"
   64..67    Pub          "pub"
   67..68    Whitespace   " "
   68..74    Struct       "struct"
   74..75    Whitespace   " "
   75..80    Ident        "Point"
   80..81    Newline      "\n"
   81..83    Whitespace   "  "
   83..84    Ident        "x"
   84..85    Colon        ":"
   85..86    Whitespace   " "
   86..89    Ident        "f64"
   89..90    Newline      "\n"
   90..92    Whitespace   "  "
   92..93    Ident        "y"
   93..94    Colon        ":"
   94..95    Whitespace   " "
   95..98    Ident        "f64"
   98..99    Newline      "\n"
   99..102   End          "end"
  102..103   Newline      "\n"
  103..104   Newline      "\n"
  104..107   Pub          "pub"
  107..108   Whitespace   " "
  108..112   Enum         "enum"
  112..113   Whitespace   " "
  113..118   Ident        "Shape"
  118..119   Newline      "\n"
  119..121   Whitespace   "  "
  121..126   Ident        "Empty"
  126..127   Newline      "\n"
  127..129   Whitespace   "  "
  129..135   Ident        "Circle"
  135..136   LParen       "("
  136..139   Ident        "f64"
  139..140   RParen       ")"
  140..141   Newline      "\n"
  141..143   Whitespace   "  "
  143..148   Ident        "Boxed"
  148..149   LParen       "("
  149..154   Ident        "Point"
  154..155   RParen       ")"
  155..156   Newline      "\n"
  156..159   End          "end"
  159..160   Newline      "\n"
  160..161   Newline      "\n"
  161..165   Type         "type"
  165..166   Whitespace   " "
  166..172   Ident        "Meters"
  172..173   Whitespace   " "
  173..174   Eq           "="
  174..175   Whitespace   " "
  175..178   Ident        "f64"
  178..179   Newline      "\n"
  179..180   Newline      "\n"
  180..183   Pub          "pub"
  183..184   Whitespace   " "
  184..187   Def          "def"
  187..188   Whitespace   " "
  188..192   Ident        "area"
  192..193   LParen       "("
  193..198   Ident        "shape"
  198..199   Colon        ":"
  199..200   Whitespace   " "
  200..205   Ident        "Shape"
  205..206   RParen       ")"
  206..207   Whitespace   " "
  207..209   Arrow        "->"
  209..210   Whitespace   " "
  210..213   Ident        "f64"
  213..214   Newline      "\n"
  214..216   Whitespace   "  "
  216..220   Loop         "loop"
  220..221   Newline      "\n"
  221..225   Whitespace   "    "
  225..227   If           "if"
  227..228   Whitespace   " "
  228..232   True         "true"
  232..233   Newline      "\n"
  233..239   Whitespace   "      "
  239..244   Break        "break"
  244..245   Newline      "\n"
  245..249   Whitespace   "    "
  249..252   End          "end"
  252..253   Newline      "\n"
  253..255   Whitespace   "  "
  255..258   End          "end"
  258..259   Newline      "\n"
  259..261   Whitespace   "  "
  261..267   Return       "return"
  267..268   Whitespace   " "
  268..271   FloatLit     "0.0"
  271..272   Newline      "\n"
  272..275   End          "end"
  275..276   Newline      "\n"
  276..276   Eof          ""

== diagnostics (0) ==
