---
source: crates/rynix-lexer/tests/snapshot.rs
expression: "dump(name, &source)"
input_file: testdata/lexer/functions.ryx
---
== tokens ==
    0..6     Import       "import"
    6..7     Whitespace   " "
    7..10    Ident        "std"
   10..12    ColonColon   "::"
   12..14    Ident        "io"
   14..15    Newline      "\n"
   15..16    Newline      "\n"
   16..71    DocComment   "## Sums the slice, ignoring anything above the ceiling."
   71..72    Newline      "\n"
   72..75    Pub          "pub"
   75..76    Whitespace   " "
   76..79    Def          "def"
   79..80    Whitespace   " "
   80..89    Ident        "sum_below"
   89..90    LParen       "("
   90..96    Ident        "values"
   96..97    Colon        ":"
   97..98    Whitespace   " "
   98..99    LBracket     "["
   99..102   Ident        "i64"
  102..103   RBracket     "]"
  103..104   Comma        ","
  104..105   Whitespace   " "
  105..112   Ident        "ceiling"
  112..113   Colon        ":"
  113..114   Whitespace   " "
  114..117   Ident        "i64"
  117..118   RParen       ")"
  118..119   Whitespace   " "
  119..121   Arrow        "->"
  121..122   Whitespace   " "
  122..125   Ident        "i64"
  125..126   Newline      "\n"
  126..128   Whitespace   "  "
  128..131   Let          "let"
  131..132   Whitespace   " "
  132..135   Mut          "mut"
  135..136   Whitespace   " "
  136..141   Ident        "total"
  141..142   Whitespace   " "
  142..143   Eq           "="
  143..144   Whitespace   " "
  144..145   IntLit       "0"
  145..146   Newline      "\n"
  146..148   Whitespace   "  "
  148..151   For          "for"
  151..152   Whitespace   " "
  152..157   Ident        "value"
  157..158   Whitespace   " "
  158..160   In           "in"
  160..161   Whitespace   " "
  161..167   Ident        "values"
  167..168   Newline      "\n"
  168..172   Whitespace   "    "
  172..174   If           "if"
  174..175   Whitespace   " "
  175..180   Ident        "value"
  180..181   Whitespace   " "
  181..182   Lt           "<"
  182..183   Whitespace   " "
  183..190   Ident        "ceiling"
  190..191   Newline      "\n"
  191..197   Whitespace   "      "
  197..202   Ident        "total"
  202..203   Whitespace   " "
  203..205   PlusEq       "+="
  205..206   Whitespace   " "
  206..211   Ident        "value"
  211..212   Newline      "\n"
  212..216   Whitespace   "    "
  216..219   End          "end"
  219..220   Newline      "\n"
  220..222   Whitespace   "  "
  222..225   End          "end"
  225..226   Newline      "\n"
  226..228   Whitespace   "  "
  228..234   Return       "return"
  234..235   Whitespace   " "
  235..240   Ident        "total"
  240..241   Newline      "\n"
  241..244   End          "end"
  244..245   Newline      "\n"
  245..246   Newline      "\n"
  246..249   Def          "def"
  249..250   Whitespace   " "
  250..255   Ident        "scale"
  255..256   LParen       "("
  256..261   Ident        "value"
  261..262   Colon        ":"
  262..263   Whitespace   " "
  263..266   Ident        "f64"
  266..267   RParen       ")"
  267..268   Whitespace   " "
  268..270   Arrow        "->"
  270..271   Whitespace   " "
  271..274   Ident        "f64"
  274..275   Newline      "\n"
  275..277   Whitespace   "  "
  277..283   Return       "return"
  283..284   Whitespace   " "
  284..289   Ident        "value"
  289..290   Whitespace   " "
  290..291   Star         "*"
  291..292   Whitespace   " "
  292..295   FloatLit     "1.5"
  295..296   Newline      "\n"
  296..299   End          "end"
  299..300   Newline      "\n"
  300..301   Newline      "\n"
  301..304   Def          "def"
  304..305   Whitespace   " "
  305..310   Ident        "entry"
  310..311   LParen       "("
  311..312   RParen       ")"
  312..313   Newline      "\n"
  313..315   Whitespace   "  "
  315..318   Let          "let"
  318..319   Whitespace   " "
  319..326   Ident        "numbers"
  326..327   Whitespace   " "
  327..328   Eq           "="
  328..329   Whitespace   " "
  329..330   LBracket     "["
  330..331   IntLit       "1"
  331..332   Comma        ","
  332..333   Whitespace   " "
  333..334   IntLit       "2"
  334..335   Comma        ","
  335..336   Whitespace   " "
  336..337   IntLit       "3"
  337..338   Comma        ","
  338..339   Whitespace   " "
  339..341   IntLit       "40"
  341..342   Comma        ","
  342..343   Whitespace   " "
  343..346   IntLit       "500"
  346..347   RBracket     "]"
  347..348   Newline      "\n"
  348..350   Whitespace   "  "
  350..353   Let          "let"
  353..354   Whitespace   " "
  354..359   Ident        "total"
  359..360   Whitespace   " "
  360..361   Eq           "="
  361..362   Whitespace   " "
  362..371   Ident        "sum_below"
  371..372   LParen       "("
  372..379   Ident        "numbers"
  379..380   Comma        ","
  380..381   Whitespace   " "
  381..384   IntLit       "100"
  384..385   RParen       ")"
  385..386   Newline      "\n"
  386..388   Whitespace   "  "
  388..391   Let          "let"
  391..392   Whitespace   " "
  392..397   Ident        "ratio"
  397..398   Whitespace   " "
  398..399   Eq           "="
  399..400   Whitespace   " "
  400..405   Ident        "scale"
  405..406   LParen       "("
  406..411   Ident        "total"
  411..412   Whitespace   " "
  412..414   As           "as"
  414..415   Whitespace   " "
  415..418   Ident        "f64"
  418..419   RParen       ")"
  419..420   Newline      "\n"
  420..422   Whitespace   "  "
  422..424   Ident        "io"
  424..426   ColonColon   "::"
  426..431   Ident        "write"
  431..432   LParen       "("
  432..437   Ident        "ratio"
  437..438   RParen       ")"
  438..439   Newline      "\n"
  439..441   Whitespace   "  "
  441..446   Spawn        "spawn"
  446..447   Whitespace   " "
  447..453   Ident        "worker"
  453..454   LParen       "("
  454..459   Ident        "total"
  459..460   RParen       ")"
  460..461   Newline      "\n"
  461..464   End          "end"
  464..465   Newline      "\n"
  465..466   Newline      "\n"
  466..469   Def          "def"
  469..470   Whitespace   " "
  470..476   Ident        "worker"
  476..477   LParen       "("
  477..481   Ident        "seed"
  481..482   Colon        ":"
  482..483   Whitespace   " "
  483..486   Ident        "i64"
  486..487   RParen       ")"
  487..488   Newline      "\n"
  488..490   Whitespace   "  "
  490..493   Let          "let"
  493..494   Whitespace   " "
  494..500   Ident        "handle"
  500..501   Whitespace   " "
  501..502   Eq           "="
  502..503   Whitespace   " "
  503..507   Ident        "seed"
  507..508   Whitespace   " "
  508..509   Percent      "%"
  509..510   Whitespace   " "
  510..511   IntLit       "7"
  511..512   Newline      "\n"
  512..514   Whitespace   "  "
  514..519   Ident        "print"
  519..520   LParen       "("
  520..526   Ident        "handle"
  526..527   RParen       ")"
  527..528   Newline      "\n"
  528..531   End          "end"
  531..532   Newline      "\n"
  532..532   Eof          ""

== diagnostics (0) ==
