---
source: crates/rynix-lexer/tests/snapshot.rs
expression: "dump(name, &source)"
input_file: testdata/lexer/operators.ryx
---
== tokens ==
    0..70    Comment      "# Every operator and delimiter, plus precedence-relevant combinations."
   70..71    Newline      "\n"
   71..74    Def          "def"
   74..75    Whitespace   " "
   75..84    Ident        "operators"
   84..85    LParen       "("
   85..86    Ident        "a"
   86..87    Colon        ":"
   87..88    Whitespace   " "
   88..91    Ident        "i64"
   91..92    Comma        ","
   92..93    Whitespace   " "
   93..94    Ident        "b"
   94..95    Colon        ":"
   95..96    Whitespace   " "
   96..99    Ident        "i64"
   99..100   RParen       ")"
  100..101   Whitespace   " "
  101..103   Arrow        "->"
  103..104   Whitespace   " "
  104..108   Ident        "bool"
  108..109   Newline      "\n"
  109..111   Whitespace   "  "
  111..114   Let          "let"
  114..115   Whitespace   " "
  115..118   Ident        "sum"
  118..119   Whitespace   " "
  119..120   Eq           "="
  120..121   Whitespace   " "
  121..122   Ident        "a"
  122..123   Whitespace   " "
  123..124   Plus         "+"
  124..125   Whitespace   " "
  125..126   Ident        "b"
  126..127   Newline      "\n"
  127..129   Whitespace   "  "
  129..132   Let          "let"
  132..133   Whitespace   " "
  133..137   Ident        "diff"
  137..138   Whitespace   " "
  138..139   Eq           "="
  139..140   Whitespace   " "
  140..141   Ident        "a"
  141..142   Whitespace   " "
  142..143   Minus        "-"
  143..144   Whitespace   " "
  144..145   Ident        "b"
  145..146   Newline      "\n"
  146..148   Whitespace   "  "
  148..151   Let          "let"
  151..152   Whitespace   " "
  152..156   Ident        "prod"
  156..157   Whitespace   " "
  157..158   Eq           "="
  158..159   Whitespace   " "
  159..160   Ident        "a"
  160..161   Whitespace   " "
  161..162   Star         "*"
  162..163   Whitespace   " "
  163..164   Ident        "b"
  164..165   Newline      "\n"
  165..167   Whitespace   "  "
  167..170   Let          "let"
  170..171   Whitespace   " "
  171..175   Ident        "quot"
  175..176   Whitespace   " "
  176..177   Eq           "="
  177..178   Whitespace   " "
  178..179   Ident        "a"
  179..180   Whitespace   " "
  180..181   Slash        "/"
  181..182   Whitespace   " "
  182..183   Ident        "b"
  183..184   Newline      "\n"
  184..186   Whitespace   "  "
  186..189   Let          "let"
  189..190   Whitespace   " "
  190..193   Ident        "rem"
  193..194   Whitespace   " "
  194..195   Eq           "="
  195..196   Whitespace   " "
  196..197   Ident        "a"
  197..198   Whitespace   " "
  198..199   Percent      "%"
  199..200   Whitespace   " "
  200..201   Ident        "b"
  201..202   Newline      "\n"
  202..204   Whitespace   "  "
  204..207   Let          "let"
  207..208   Whitespace   " "
  208..211   Mut          "mut"
  211..212   Whitespace   " "
  212..215   Ident        "acc"
  215..216   Whitespace   " "
  216..217   Eq           "="
  217..218   Whitespace   " "
  218..219   IntLit       "0"
  219..220   Newline      "\n"
  220..222   Whitespace   "  "
  222..225   Ident        "acc"
  225..226   Whitespace   " "
  226..228   PlusEq       "+="
  228..229   Whitespace   " "
  229..230   IntLit       "1"
  230..231   Newline      "\n"
  231..233   Whitespace   "  "
  233..236   Ident        "acc"
  236..237   Whitespace   " "
  237..239   MinusEq      "-="
  239..240   Whitespace   " "
  240..241   IntLit       "2"
  241..242   Newline      "\n"
  242..244   Whitespace   "  "
  244..247   Ident        "acc"
  247..248   Whitespace   " "
  248..250   StarEq       "*="
  250..251   Whitespace   " "
  251..252   IntLit       "3"
  252..253   Newline      "\n"
  253..255   Whitespace   "  "
  255..258   Ident        "acc"
  258..259   Whitespace   " "
  259..261   SlashEq      "/="
  261..262   Whitespace   " "
  262..263   IntLit       "4"
  263..264   Newline      "\n"
  264..266   Whitespace   "  "
  266..269   Ident        "acc"
  269..270   Whitespace   " "
  270..272   PercentEq    "%="
  272..273   Whitespace   " "
  273..274   IntLit       "5"
  274..275   Newline      "\n"
  275..277   Whitespace   "  "
  277..280   Let          "let"
  280..281   Whitespace   " "
  281..284   Ident        "neg"
  284..285   Whitespace   " "
  285..286   Eq           "="
  286..287   Whitespace   " "
  287..288   Minus        "-"
  288..291   Ident        "acc"
  291..292   Newline      "\n"
  292..294   Whitespace   "  "
  294..297   Let          "let"
  297..298   Whitespace   " "
  298..303   Ident        "range"
  303..304   Whitespace   " "
  304..305   Eq           "="
  305..306   Whitespace   " "
  306..307   IntLit       "0"
  307..309   DotDot       ".."
  309..311   IntLit       "10"
  311..312   Newline      "\n"
  312..314   Whitespace   "  "
  314..317   Let          "let"
  317..318   Whitespace   " "
  318..324   Ident        "closed"
  324..325   Whitespace   " "
  325..326   Eq           "="
  326..327   Whitespace   " "
  327..328   IntLit       "0"
  328..331   DotDotEq     "..="
  331..333   IntLit       "10"
  333..334   Newline      "\n"
  334..336   Whitespace   "  "
  336..339   Let          "let"
  339..340   Whitespace   " "
  340..347   Ident        "compare"
  347..348   Whitespace   " "
  348..349   Eq           "="
  349..350   Whitespace   " "
  350..351   Ident        "a"
  351..352   Whitespace   " "
  352..354   EqEq         "=="
  354..355   Whitespace   " "
  355..356   Ident        "b"
  356..357   Whitespace   " "
  357..359   Or           "or"
  359..360   Whitespace   " "
  360..361   Ident        "a"
  361..362   Whitespace   " "
  362..364   BangEq       "!="
  364..365   Whitespace   " "
  365..366   Ident        "b"
  366..367   Whitespace   " "
  367..370   And          "and"
  370..371   Whitespace   " "
  371..374   Not          "not"
  374..375   Whitespace   " "
  375..376   LParen       "("
  376..377   Ident        "a"
  377..378   Whitespace   " "
  378..379   Lt           "<"
  379..380   Whitespace   " "
  380..381   Ident        "b"
  381..382   RParen       ")"
  382..383   Newline      "\n"
  383..385   Whitespace   "  "
  385..388   Let          "let"
  388..389   Whitespace   " "
  389..395   Ident        "bounds"
  395..396   Whitespace   " "
  396..397   Eq           "="
  397..398   Whitespace   " "
  398..399   Ident        "a"
  399..400   Whitespace   " "
  400..402   LtEq         "<="
  402..403   Whitespace   " "
  403..404   Ident        "b"
  404..405   Whitespace   " "
  405..407   Or           "or"
  407..408   Whitespace   " "
  408..409   Ident        "a"
  409..410   Whitespace   " "
  410..412   GtEq         ">="
  412..413   Whitespace   " "
  413..414   Ident        "b"
  414..415   Whitespace   " "
  415..417   Or           "or"
  417..418   Whitespace   " "
  418..419   Ident        "a"
  419..420   Whitespace   " "
  420..421   Gt           ">"
  421..422   Whitespace   " "
  422..423   Ident        "b"
  423..424   Newline      "\n"
  424..426   Whitespace   "  "
  426..429   Let          "let"
  429..430   Whitespace   " "
  430..440   Ident        "tuple_like"
  440..441   Whitespace   " "
  441..442   Eq           "="
  442..443   Whitespace   " "
  443..444   LBracket     "["
  444..445   Ident        "a"
  445..446   Comma        ","
  446..447   Whitespace   " "
  447..448   Ident        "b"
  448..449   RBracket     "]"
  449..450   Newline      "\n"
  450..452   Whitespace   "  "
  452..455   Let          "let"
  455..456   Whitespace   " "
  456..463   Ident        "mapping"
  463..464   Whitespace   " "
  464..465   Eq           "="
  465..466   Whitespace   " "
  466..467   LBrace       "{"
  467..468   Whitespace   " "
  468..469   Ident        "a"
  469..470   Colon        ":"
  470..471   Whitespace   " "
  471..472   Ident        "b"
  472..473   Whitespace   " "
  473..474   RBrace       "}"
  474..475   Newline      "\n"
  475..477   Whitespace   "  "
  477..480   Let          "let"
  480..481   Whitespace   " "
  481..485   Ident        "path"
  485..486   Whitespace   " "
  486..487   Eq           "="
  487..488   Whitespace   " "
  488..491   Ident        "std"
  491..493   ColonColon   "::"
  493..497   Ident        "math"
  497..499   ColonColon   "::"
  499..502   Ident        "abs"
  502..503   LParen       "("
  503..506   Ident        "neg"
  506..507   RParen       ")"
  507..508   Newline      "\n"
  508..510   Whitespace   "  "
  510..513   Let          "let"
  513..514   Whitespace   " "
  514..519   Ident        "field"
  519..520   Whitespace   " "
  520..521   Eq           "="
  521..522   Whitespace   " "
  522..527   Ident        "point"
  527..528   Dot          "."
  528..529   Ident        "x"
  529..530   Newline      "\n"
  530..532   Whitespace   "  "
  532..535   Let          "let"
  535..536   Whitespace   " "
  536..540   Ident        "call"
  540..541   Whitespace   " "
  541..542   Eq           "="
  542..543   Whitespace   " "
  543..548   Ident        "point"
  548..549   Dot          "."
  549..555   Ident        "length"
  555..556   LParen       "("
  556..557   RParen       ")"
  557..558   Newline      "\n"
  558..560   Whitespace   "  "
  560..563   Let          "let"
  563..564   Whitespace   " "
  564..569   Ident        "index"
  569..570   Whitespace   " "
  570..571   Eq           "="
  571..572   Whitespace   " "
  572..582   Ident        "tuple_like"
  582..583   LBracket     "["
  583..584   IntLit       "0"
  584..585   RBracket     "]"
  585..586   Newline      "\n"
  586..588   Whitespace   "  "
  588..594   Return       "return"
  594..595   Whitespace   " "
  595..602   Ident        "compare"
  602..603   Whitespace   " "
  603..606   And          "and"
  606..607   Whitespace   " "
  607..613   Ident        "bounds"
  613..614   Newline      "\n"
  614..617   End          "end"
  617..618   Newline      "\n"
  618..618   Eof          ""

== diagnostics (0) ==
